error: unexpected `--cfg has_cfg_version` flag
   |
   = note: manually setting a built-in cfg can and does create incoherent behaviors
   = note: `#[deny(explicit_builtin_cfgs_in_flags)]` on by default

error: aborting due to 1 previous error

