error: expected expression, found `let` statement
  --> $DIR/feature-gate.rs:51:20
   |
LL |     #[cfg(false)] (let 0 = 1);
   |                    ^^^
   |
   = note: only supported directly in conditions of `if` and `while` expressions

error: expected expression, found `let` statement
  --> $DIR/feature-gate.rs:42:17
   |
LL |     noop_expr!((let 0 = 1));
   |                 ^^^
   |
   = note: only supported directly in conditions of `if` and `while` expressions

error: no rules expected keyword `let`
  --> $DIR/feature-gate.rs:53:15
   |
LL |     macro_rules! use_expr {
   |     --------------------- when calling this macro
...
LL |     use_expr!(let 0 = 1);
   |               ^^^ no rules expected this token in macro call
   |
note: while trying to match meta-variable `$e:expr`
  --> $DIR/feature-gate.rs:46:10
   |
LL |         ($e:expr) => {
   |          ^^^^^^^

error[E0658]: `let` expressions in this position are unstable
  --> $DIR/feature-gate.rs:14:16
   |
LL |     if true && let 0 = 1 {}
   |                ^^^^^^^^^
   |
   = note: see issue #53667 <https://github.com/rust-lang/rust/issues/53667> for more information
   = help: add `#![feature(let_chains)]` to the crate attributes to enable
   = note: this compiler was built on YYYY-MM-DD; consider upgrading it if it is out of date

error[E0658]: `let` expressions in this position are unstable
  --> $DIR/feature-gate.rs:17:8
   |
LL |     if let 0 = 1 && true {}
   |        ^^^^^^^^^
   |
   = note: see issue #53667 <https://github.com/rust-lang/rust/issues/53667> for more information
   = help: add `#![feature(let_chains)]` to the crate attributes to enable
   = note: this compiler was built on YYYY-MM-DD; consider upgrading it if it is out of date

error[E0658]: `let` expressions in this position are unstable
  --> $DIR/feature-gate.rs:20:8
   |
LL |     if let Range { start: _, end: _ } = (true..true) && false {}
   |        ^^^^^^^^^^^^^^^^^^^^^^^^^^^^^^^^^^^^^^^^^^^^^
   |
   = note: see issue #53667 <https://github.com/rust-lang/rust/issues/53667> for more information
   = help: add `#![feature(let_chains)]` to the crate attributes to enable
   = note: this compiler was built on YYYY-MM-DD; consider upgrading it if it is out of date

error[E0658]: `let` expressions in this position are unstable
  --> $DIR/feature-gate.rs:23:8
   |
LL |     if let 1 = 1 && let true = { true } && false {
   |        ^^^^^^^^^
   |
   = note: see issue #53667 <https://github.com/rust-lang/rust/issues/53667> for more information
   = help: add `#![feature(let_chains)]` to the crate attributes to enable
   = note: this compiler was built on YYYY-MM-DD; consider upgrading it if it is out of date

error[E0658]: `let` expressions in this position are unstable
  --> $DIR/feature-gate.rs:23:21
   |
LL |     if let 1 = 1 && let true = { true } && false {
   |                     ^^^^^^^^^^^^^^^^^^^
   |
   = note: see issue #53667 <https://github.com/rust-lang/rust/issues/53667> for more information
   = help: add `#![feature(let_chains)]` to the crate attributes to enable
   = note: this compiler was built on YYYY-MM-DD; consider upgrading it if it is out of date

error: aborting due to 8 previous errors

For more information about this error, try `rustc --explain E0658`.
